2025-04-04 05:23:06.626506 - Received CBT.V508.FILE167.PDS from FILE167.XMI 
2025-04-04 05:23:06.627814 - Found $$$#DATE.txt (text/plain) in CBT.V508.FILE167.PDS, moved to PDS/$$$#DATE
2025-04-04 05:23:06.627948 - Found $$INDEX.txt (text/plain) in CBT.V508.FILE167.PDS, moved to PDS/$$INDEX
2025-04-04 05:23:06.628093 - Found @FILE167.txt (text/plain) in CBT.V508.FILE167.PDS, moved to PDS/@FILE167
2025-04-04 05:23:06.628224 - Found C#DAYTMR.txt (text/plain) in CBT.V508.FILE167.PDS, moved to PDS/C#DAYTMR
2025-04-04 05:23:06.628341 - Found CLEAR.txt (text/plain) in CBT.V508.FILE167.PDS, moved to PDS/CLEAR
2025-04-04 05:23:06.628454 - Found DASDDAC#.txt (text/plain) in CBT.V508.FILE167.PDS, moved to PDS/DASDDAC#
2025-04-04 05:23:06.628578 - Found DASDDACA.txt (text/plain) in CBT.V508.FILE167.PDS, moved to PDS/DASDDACA
2025-04-04 05:23:06.628693 - Found DASDDAC1.txt (text/plain) in CBT.V508.FILE167.PDS, moved to PDS/DASDDAC1
2025-04-04 05:23:06.628806 - Found DASDDAC2.txt (text/plain) in CBT.V508.FILE167.PDS, moved to PDS/DASDDAC2
2025-04-04 05:23:06.628920 - Found DASDROO#.txt (text/plain) in CBT.V508.FILE167.PDS, moved to PDS/DASDROO#
2025-04-04 05:23:06.629126 - Found DASDROOM.jcl (text/plain) in CBT.V508.FILE167.PDS, moved to PDS/DASDROOM
2025-04-04 05:23:06.629240 - Found DAYTIMEA.txt (text/plain) in CBT.V508.FILE167.PDS, moved to PDS/DAYTIMEA
2025-04-04 05:23:06.629391 - Found DAYTIMR#.txt (text/plain) in CBT.V508.FILE167.PDS, moved to PDS/DAYTIMR#
2025-04-04 05:23:06.629510 - Found DTMM00.txt (text/plain) in CBT.V508.FILE167.PDS, moved to PDS/DTMM00
2025-04-04 05:23:06.629617 - Found DTMM01.txt (text/plain) in CBT.V508.FILE167.PDS, moved to PDS/DTMM01
2025-04-04 05:23:06.629724 - Found GDGBLD.txt (text/plain) in CBT.V508.FILE167.PDS, moved to PDS/GDGBLD
2025-04-04 05:23:06.629854 - Found GDGDEL.txt (text/plain) in CBT.V508.FILE167.PDS, moved to PDS/GDGDEL
2025-04-04 05:23:06.629985 - Found GDGMOD.txt (text/plain) in CBT.V508.FILE167.PDS, moved to PDS/GDGMOD
2025-04-04 05:23:06.630096 - Found GDGUTIL#.txt (text/plain) in CBT.V508.FILE167.PDS, moved to PDS/GDGUTIL#
2025-04-04 05:23:06.630209 - Found GDGUTILP.txt (text/plain) in CBT.V508.FILE167.PDS, moved to PDS/GDGUTILP
2025-04-04 05:23:06.630341 - Found GDGUTL.txt (text/plain) in CBT.V508.FILE167.PDS, moved to PDS/GDGUTL
2025-04-04 05:23:06.630456 - Found P#DAYTMR.txt (text/plain) in CBT.V508.FILE167.PDS, moved to PDS/P#DAYTMR
2025-04-04 05:23:06.630569 - Found WHOHAS.jcl (text/plain) in CBT.V508.FILE167.PDS, moved to PDS/WHOHAS
2025-04-04 05:23:06.630692 - Found WHOHAS#.txt (text/plain) in CBT.V508.FILE167.PDS, moved to PDS/WHOHAS#
2025-04-04 05:23:06.630834 - Found WHOHAS1.txt (text/plain) in CBT.V508.FILE167.PDS, moved to PDS/WHOHAS1
2025-04-04 05:23:06.630949 - Found WHOHAS2.txt (text/plain) in CBT.V508.FILE167.PDS, moved to PDS/WHOHAS2
2025-04-04 05:23:06.631168 - Found WHOHAS3.txt (text/plain) in CBT.V508.FILE167.PDS, moved to PDS/WHOHAS3
